bigint: Failed to load bindings, pure JS will be used (try npm run rebuild?)
This version of µWS is not compatible with your Node.js build:

Error: Cannot find module '../binaries/uws_linux_arm64_137.node'
Require stack:
- /root/buidl-ctc-2026-fall-concept/statelift/node_modules/@trufflesuite/uws-js-unofficial/src/uws.js
- /root/buidl-ctc-2026-fall-concept/statelift/node_modules/ganache/dist/node/core.js
- /root/buidl-ctc-2026-fall-concept/statelift/tests/helpers.cjs
- /root/buidl-ctc-2026-fall-concept/statelift/tests/source/goal-router.test.cjs
Falling back to a NodeJS implementation; performance may be degraded.


✔ a compliant fill pays the recipient exactly once and records the winner (998.527413ms)
✔ a second round on the same goal reverts and spends no second payment (561.63922ms)
✔ replaying the identical fill reverts (472.36632ms)
✔ a fill after the round deadline T reverts (232.267573ms)
✔ an authorization for a different amount cannot fill the goal (274.113343ms)
✔ an authorization bound to another goal cannot fill this goal (265.821406ms)
✔ an authorization signed for a different round number is not reusable (248.600726ms)
✔ the router authorization cannot be redirected to pay the recipient directly (212.151713ms)
✔ zero round number and zero winner are rejected (246.149629ms)
ℹ tests 9
ℹ suites 0
ℹ pass 9
ℹ fail 0
ℹ cancelled 0
ℹ skipped 0
ℹ todo 0
ℹ duration_ms 33893.559689
